✔ valid proposal is parsed then mediated (7.9551ms)
✔ stop has no effect (0.4507ms)
✔ model principal_id is rejected (0.4804ms)
✔ model task_id is rejected (0.4177ms)
✔ model cost is rejected (0.4298ms)
✔ model policy_version is rejected (0.4074ms)
✔ model request_id is rejected (0.5016ms)
✔ unknown field is rejected (0.5711ms)
✔ invalid JSON is rejected (1.4279ms)
✔ oversized response is rejected (2.6548ms)
✔ timeout is fail closed (17.6938ms)
✔ provider error is fail closed (1.4201ms)
✔ empty response is fail closed (0.3899ms)
✔ malformed action is rejected (0.3951ms)
✔ reserved effect id reaches and is denied by boundary (0.5051ms)
✔ stale policy remains boundary denied (0.2537ms)
✔ budget remains server controlled (2.52ms)
✔ model receives no tools (1.0798ms)
✔ three mocked contexts are independent (4.9273ms)
✔ nested forbidden data is rejected (0.3598ms)
✔ duplicate fields are rejected (0.4938ms)
✔ stop plus hidden action is rejected (0.2287ms)
✔ server-side action cost table is authoritative (2.4255ms)
✔ agent cost 0 is fail-closed (2.876ms)
✔ agent cost -1 is fail-closed (0.4104ms)
✔ agent cost 999 is fail-closed (0.3284ms)
✔ missing cost uses policy and exhaustion denies next unique effect (2.0617ms)
✔ malformed null fails closed (0.3569ms)
✔ malformed undefined fails closed (0.2727ms)
✔ malformed request fails closed (0.2909ms)
✔ malformed  fails closed (0.3297ms)
✔ malformed [object Object] fails closed (0.4397ms)
✔ malformed [object Object] fails closed (0.3872ms)
✔ principal and task binding fail closed (6.4037ms)
✔ budget is charged once and valid replay is free (0.7817ms)
✔ scope changed replay is denied (0.4822ms)
✔ reserved namespace denied (0.5564ms)
✔ stale policy denied (0.3766ms)
✔ malformed denied (0.2985ms)
✔ unauthorized action denied (0.3881ms)
✔ budget exhaustion denied (0.3326ms)
✔ in-process principal namespaces isolate one visible effect id (6.0462ms)
✔ in-process retry semantics have one commit (1.196ms)
✔ mocked Ollama compatibility 24/24 (2.3431ms)
✔ uses the localhost Ollama chat endpoint (2.5346ms)
✔ rejects a non-local Ollama endpoint (0.914ms)
✔ sends non-streaming requests (0.9737ms)
✔ disables Ollama thinking in requests (0.4795ms)
✔ sends the proposal schema as the response format (2.1016ms)
✔ proposal schema requires every mediated field (0.301ms)
✔ proposal payload schema rejects unknown fields (0.2662ms)
✔ does not send tools to Ollama (0.4814ms)
✔ uses bounded deterministic Ollama options (0.6251ms)
✔ parses a valid STOP proposal (1.5858ms)
✔ rejects invalid JSON proposals (0.402ms)
✔ rejects empty proposals (0.2283ms)
✔ rejects thinking text as a proposal (0.2965ms)
✔ rejects model-supplied trusted identity fields (0.2736ms)
✔ mediates a valid proposal through the control boundary (4.3163ms)
✔ binds trusted principal task request policy and server cost (1.0641ms)
✔ content STOP produces MODEL_STOP despite thinking (0.8156ms)
✔ thinking text never becomes parsed proposal data (0.7243ms)
✔ serialized mediation evidence excludes thinking text (15.6409ms)
✔ thinking metadata retains only presence and exact length (0.786ms)
✔ retains exact done metadata (0.8178ms)
✔ retains exact evaluation metadata (0.7148ms)
✔ timeout fails closed with zero effects even after a late response (55.0168ms)
✔ Ollama response content is the sole proposal source (0.9135ms)
✔ inspect_null_payload_accepted (4.9782ms)
✔ request_resource_null_payload_accepted (0.4076ms)
✔ request_grant_null_payload_accepted (0.2999ms)
✔ submit_answer_null_payload_accepted (0.4273ms)
✔ modify_object_string_payload_accepted (0.3004ms)
✔ modify_object_null_payload_rejected (0.3411ms)
✔ modify_hidden_message_rejected (0.295ms)
✔ message_string_payload_accepted (0.2426ms)
✔ message_null_payload_rejected (0.3132ms)
✔ unused_payload_field_rejected (0.4276ms)
✔ multiple_non_null_payload_fields_rejected (0.3436ms)
✔ transfer_positive_integer_accepted (0.2874ms)
✔ transfer_null_rejected (0.1988ms)
✔ transfer_zero_rejected (0.1836ms)
✔ transfer_negative_rejected (0.2115ms)
✔ transfer_fraction_rejected (0.3773ms)
✔ nested forbidden_field_rejected (0.5055ms)
✔ IPC: three OS processes isolate same client-visible effect id (302.1666ms)
✔ IPC: eight concurrent retries create one commit and seven replays (196.8623ms)
✔ IPC: concurrent distinct effects respect budget one (176.9187ms)
✔ IPC: malformed null denies and boundary stays alive (98.3887ms)
✔ IPC: host shell action denies without effect (100.2657ms)
✔ structured_output_schema_compatibility (3.6205ms)
✔ STOP has exclusively null effect fields (1.2992ms)
✔ PROPOSAL requires typed fields (0.8206ms)
✔ model call budget blocks before provider (7.562ms)
✔ provider error consumes a started model call (0.861ms)
✔ timeout consumes a started model call (19.4029ms)
✔ agent call budgets are isolated (1.3814ms)
✔ late_provider_response_after_timeout_creates_zero_effects (36.1873ms)
ℹ tests 98
ℹ suites 0
ℹ pass 98
ℹ fail 0
ℹ cancelled 0
ℹ skipped 0
ℹ todo 0
ℹ duration_ms 6174.3955
