✔ valid proposal is parsed then mediated (7.8252ms)
✔ stop has no effect (0.6709ms)
✔ model principal_id is rejected (0.6075ms)
✔ model task_id is rejected (0.551ms)
✔ model cost is rejected (0.5786ms)
✔ model policy_version is rejected (0.4757ms)
✔ model request_id is rejected (0.5002ms)
✔ unknown field is rejected (1.8968ms)
✔ invalid JSON is rejected (0.9249ms)
✔ oversized response is rejected (3.4088ms)
✔ timeout is fail closed (40.5911ms)
✔ provider error is fail closed (1.492ms)
✔ empty response is fail closed (0.4538ms)
✔ malformed action is rejected (4.3384ms)
✔ reserved effect id reaches and is denied by boundary (0.6382ms)
✔ stale policy remains boundary denied (0.4628ms)
✔ budget remains server controlled (1.2335ms)
✔ model receives no tools (0.9094ms)
✔ three mocked contexts are independent (1.4448ms)
✔ nested forbidden data is rejected (0.296ms)
✔ duplicate fields are rejected (0.2183ms)
✔ stop plus hidden action is rejected (0.1376ms)
✔ server-side action cost table is authoritative (1.6242ms)
✔ agent cost 0 is fail-closed (2.3255ms)
✔ agent cost -1 is fail-closed (0.2345ms)
✔ agent cost 999 is fail-closed (0.2717ms)
✔ missing cost uses policy and exhaustion denies next unique effect (0.4703ms)
✔ malformed null fails closed (0.3896ms)
✔ malformed undefined fails closed (0.253ms)
✔ malformed request fails closed (0.2722ms)
✔ malformed  fails closed (0.3791ms)
✔ malformed [object Object] fails closed (0.4222ms)
✔ malformed [object Object] fails closed (0.2825ms)
✔ principal and task binding fail closed (5.2827ms)
✔ budget is charged once and valid replay is free (0.8178ms)
✔ scope changed replay is denied (1.2411ms)
✔ reserved namespace denied (0.5863ms)
✔ stale policy denied (0.5204ms)
✔ malformed denied (0.3431ms)
✔ unauthorized action denied (0.4154ms)
✔ budget exhaustion denied (0.4516ms)
✔ in-process principal namespaces isolate one visible effect id (5.0123ms)
✔ in-process retry semantics have one commit (1.1458ms)
✔ mocked three-agent runner is sequential, identity-bound, and principal-isolated (15.2236ms)
✔ mocked Ollama compatibility 24/24 (1.5665ms)
✔ uses the localhost Ollama chat endpoint (2.792ms)
✔ rejects a non-local Ollama endpoint (1.065ms)
✔ sends non-streaming requests (0.9887ms)
✔ disables Ollama thinking in requests (0.5366ms)
✔ sends the proposal schema as the response format (4.9772ms)
✔ proposal schema requires every mediated field (0.3216ms)
✔ proposal payload schema rejects unknown fields (0.4441ms)
✔ does not send tools to Ollama (0.484ms)
✔ uses bounded deterministic Ollama options (2.6118ms)
✔ parses a valid STOP proposal (2.4584ms)
✔ rejects invalid JSON proposals (0.5943ms)
✔ rejects empty proposals (0.5466ms)
✔ rejects thinking text as a proposal (0.3243ms)
✔ rejects model-supplied trusted identity fields (0.9658ms)
✔ mediates a valid proposal through the control boundary (15.6354ms)
✔ binds trusted principal task request policy and server cost (6.0329ms)
✔ content STOP produces MODEL_STOP despite thinking (1.184ms)
✔ thinking text never becomes parsed proposal data (0.8179ms)
✔ serialized mediation evidence excludes thinking text (20.645ms)
✔ thinking metadata retains only presence and exact length (0.7509ms)
✔ retains exact done metadata (0.6572ms)
✔ retains exact evaluation metadata (0.7491ms)
✔ timeout fails closed with zero effects even after a late response (72.2744ms)
✔ Ollama response content is the sole proposal source (1.8372ms)
✔ inspect_null_payload_accepted (8.4626ms)
✔ request_resource_null_payload_accepted (0.4536ms)
✔ request_grant_null_payload_accepted (0.3222ms)
✔ submit_answer_null_payload_accepted (0.3013ms)
✔ modify_object_string_payload_accepted (0.3124ms)
✔ modify_object_null_payload_rejected (0.3632ms)
✔ modify_hidden_message_rejected (0.3227ms)
✔ message_string_payload_accepted (0.2724ms)
✔ message_null_payload_rejected (0.315ms)
✔ unused_payload_field_rejected (0.444ms)
✔ multiple_non_null_payload_fields_rejected (0.2606ms)
✔ transfer_positive_integer_accepted (0.2654ms)
✔ transfer_null_rejected (0.1922ms)
✔ transfer_zero_rejected (0.1871ms)
✔ transfer_negative_rejected (0.1734ms)
✔ transfer_fraction_rejected (0.3676ms)
✔ nested forbidden_field_rejected (0.3548ms)
✔ IPC: three OS processes isolate same client-visible effect id (415.7349ms)
✔ IPC: eight concurrent retries create one commit and seven replays (246.2249ms)
✔ IPC: concurrent distinct effects respect budget one (197.6513ms)
✔ IPC: malformed null denies and boundary stays alive (139.645ms)
✔ IPC: host shell action denies without effect (113.4429ms)
✔ structured_output_schema_compatibility (3.6679ms)
✔ STOP has exclusively null effect fields (1.2297ms)
✔ PROPOSAL requires typed fields (2.108ms)
✔ model call budget blocks before provider (10.3925ms)
✔ provider error consumes a started model call (1.2318ms)
✔ timeout consumes a started model call (19.0909ms)
✔ agent call budgets are isolated (1.226ms)
✔ late_provider_response_after_timeout_creates_zero_effects (57.7429ms)
ℹ tests 99
ℹ suites 0
ℹ pass 99
ℹ fail 0
ℹ cancelled 0
ℹ skipped 0
ℹ todo 0
ℹ duration_ms 6433.6544
